
AzureAD+SPSSE02MEN@DESKTOP-S95K8U0 MINGW64 /d/PYTHON DJANGO HOPES/github22/LOGICIEL-PyQt6-COURS (main)
$ git add .

AzureAD+SPSSE02MEN@DESKTOP-S95K8U0 MINGW64 /d/PYTHON DJANGO HOPES/github22/LOGICIEL-PyQt6-COURS (main)
$ git commit -m "Ajout Program Python Mario"
[main 6d07c39] Ajout Program Python Mario
 4 files changed, 50 insertions(+)
 create mode 100644 Program Python MARIO/InstanceDuneCLASS.py
 create mode 100644 Program Python MARIO/gemini 3.1 Pro.docx
 create mode 100644 Program Python MARIO/gemini 3.1 Pro.pdf
 create mode 100644 Program Python MARIO/nombreInstanceDuneCLASS.py

AzureAD+SPSSE02MEN@DESKTOP-S95K8U0 MINGW64 /d/PYTHON DJANGO HOPES/github22/LOGICIEL-PyQt6-COURS (main)
$ git push
Enumerating objects: 8, done.
Counting objects: 100% (8/8), done.
Delta compression using up to 4 threads
Compressing objects: 100% (7/7), done.
Writing objects: 100% (7/7), 131.09 KiB | 10.92 MiB/s, done.
Total 7 (delta 1), reused 0 (delta 0), pack-reused 0 (from 0)
remote: Resolving deltas: 100% (1/1), completed with 1 local object.
To https://github.com/Mariogit20/LOGICIEL-PyQt6-COURS.git
   1347ca3..6d07c39  main -> main

AzureAD+SPSSE02MEN@DESKTOP-S95K8U0 MINGW64 /d/PYTHON DJANGO HOPES/github22/LOGICIEL-PyQt6-COURS (main)
$ git add .

AzureAD+SPSSE02MEN@DESKTOP-S95K8U0 MINGW64 /d/PYTHON DJANGO HOPES/github22/LOGICIEL-PyQt6-COURS (main)
$ git commit -m "mon commit"
On branch main
Your branch is up to date with 'origin/main'.

nothing to commit, working tree clean

AzureAD+SPSSE02MEN@DESKTOP-S95K8U0 MINGW64 /d/PYTHON DJANGO HOPES/github22/LOGICIEL-PyQt6-COURS (main)
$ git push
Everything up-to-date

AzureAD+SPSSE02MEN@DESKTOP-S95K8U0 MINGW64 /d/PYTHON DJANGO HOPES/github22/LOGICIEL-PyQt6-COURS (main)
$
